
ker_comp_avr.o:     file format elf32-avr


Disassembly of section .text:

00000000 <ker_compensate>:
   0:	2f 92       	push	r2
   2:	3f 92       	push	r3
   4:	4f 92       	push	r4
   6:	5f 92       	push	r5
   8:	6f 92       	push	r6
   a:	7f 92       	push	r7
   c:	8f 92       	push	r8
   e:	9f 92       	push	r9
  10:	af 92       	push	r10
  12:	bf 92       	push	r11
  14:	cf 92       	push	r12
  16:	df 92       	push	r13
  18:	ef 92       	push	r14
  1a:	ff 92       	push	r15
  1c:	0f 93       	push	r16
  1e:	1f 93       	push	r17
  20:	cf 93       	push	r28
  22:	df 93       	push	r29
  24:	4b 01       	movw	r8, r22
  26:	5c 01       	movw	r10, r24
  28:	3a 01       	movw	r6, r20
  2a:	fa 01       	movw	r30, r20
  2c:	04 89       	ldd	r16, Z+20	; 0x14
  2e:	00 23       	and	r16, r16
  30:	01 f4       	brne	.+0      	; 0x32 <ker_compensate+0x32>
  32:	00 c0       	rjmp	.+0      	; 0x34 <ker_compensate+0x34>
  34:	11 e0       	ldi	r17, 0x01	; 1
  36:	c1 2c       	mov	r12, r1
  38:	d1 2c       	mov	r13, r1
  3a:	76 01       	movw	r14, r12
  3c:	21 2c       	mov	r2, r1
  3e:	90 e4       	ldi	r25, 0x40	; 64
  40:	39 2e       	mov	r3, r25
  42:	e1 2f       	mov	r30, r17
  44:	f0 e0       	ldi	r31, 0x00	; 0
  46:	ee 0f       	add	r30, r30
  48:	ff 1f       	adc	r31, r31
  4a:	e6 0d       	add	r30, r6
  4c:	f7 1d       	adc	r31, r7
  4e:	a1 2f       	mov	r26, r17
  50:	b0 e0       	ldi	r27, 0x00	; 0
  52:	a5 01       	movw	r20, r10
  54:	94 01       	movw	r18, r8
  56:	0e 94 00 00 	call	0	; 0x0 <ker_compensate>
  5a:	dc 01       	movw	r26, r24
  5c:	cb 01       	movw	r24, r22
  5e:	c5 e0       	ldi	r28, 0x05	; 5
  60:	b6 95       	lsr	r27
  62:	a7 95       	ror	r26
  64:	97 95       	ror	r25
  66:	87 95       	ror	r24
  68:	ca 95       	dec	r28
  6a:	01 f4       	brne	.+0      	; 0x6c <ker_compensate+0x6c>
  6c:	20 85       	ldd	r18, Z+8	; 0x08
  6e:	31 85       	ldd	r19, Z+9	; 0x09
  70:	82 0f       	add	r24, r18
  72:	93 1f       	adc	r25, r19
  74:	32 97       	sbiw	r30, 0x02	; 2
  76:	c0 81       	ld	r28, Z
  78:	d1 81       	ldd	r29, Z+1	; 0x01
  7a:	9c 01       	movw	r18, r24
  7c:	3f 73       	andi	r19, 0x3F	; 63
  7e:	2c 01       	movw	r4, r24
  80:	84 e0       	ldi	r24, 0x04	; 4
  82:	58 9e       	mul	r5, r24
  84:	41 2c       	mov	r4, r1
  86:	55 24       	eor	r5, r5
  88:	11 24       	eor	r1, r1
  8a:	40 fe       	sbrs	r4, 0
  8c:	00 c0       	rjmp	.+0      	; 0x8e <ker_compensate+0x8e>
  8e:	c1 01       	movw	r24, r2
  90:	82 1b       	sub	r24, r18
  92:	93 0b       	sbc	r25, r19
  94:	9c 01       	movw	r18, r24
  96:	83 2f       	mov	r24, r19
  98:	99 27       	eor	r25, r25
  9a:	fc 01       	movw	r30, r24
  9c:	ee 0f       	add	r30, r30
  9e:	ff 1f       	adc	r31, r31
  a0:	e0 50       	subi	r30, 0x00	; 0
  a2:	f0 40       	sbci	r31, 0x00	; 0
  a4:	45 91       	lpm	r20, Z+
  a6:	54 91       	lpm	r21, Z
  a8:	fc 01       	movw	r30, r24
  aa:	ee 0f       	add	r30, r30
  ac:	ff 1f       	adc	r31, r31
  ae:	e0 50       	subi	r30, 0x00	; 0
  b0:	f0 40       	sbci	r31, 0x00	; 0
  b2:	a5 91       	lpm	r26, Z+
  b4:	b4 91       	lpm	r27, Z
  b6:	a4 1b       	sub	r26, r20
  b8:	b5 0b       	sbc	r27, r21
  ba:	30 e0       	ldi	r19, 0x00	; 0
  bc:	0e 94 00 00 	call	0	; 0x0 <ker_compensate>
  c0:	67 2f       	mov	r22, r23
  c2:	78 2f       	mov	r23, r24
  c4:	89 2f       	mov	r24, r25
  c6:	99 27       	eor	r25, r25
  c8:	87 fd       	sbrc	r24, 7
  ca:	9a 95       	dec	r25
  cc:	da 01       	movw	r26, r20
  ce:	a6 0f       	add	r26, r22
  d0:	b7 1f       	adc	r27, r23
  d2:	41 fe       	sbrs	r4, 1
  d4:	00 c0       	rjmp	.+0      	; 0xd6 <ker_compensate+0xd6>
  d6:	b1 95       	neg	r27
  d8:	a1 95       	neg	r26
  da:	b1 09       	sbc	r27, r1
  dc:	9e 01       	movw	r18, r28
  de:	0e 94 00 00 	call	0	; 0x0 <ker_compensate>
  e2:	2f e0       	ldi	r18, 0x0F	; 15
  e4:	95 95       	asr	r25
  e6:	87 95       	ror	r24
  e8:	77 95       	ror	r23
  ea:	67 95       	ror	r22
  ec:	2a 95       	dec	r18
  ee:	01 f4       	brne	.+0      	; 0xf0 <ker_compensate+0xf0>
  f0:	c6 0e       	add	r12, r22
  f2:	d7 1e       	adc	r13, r23
  f4:	e8 1e       	adc	r14, r24
  f6:	f9 1e       	adc	r15, r25
  f8:	1f 5f       	subi	r17, 0xFF	; 255
  fa:	01 17       	cp	r16, r17
  fc:	00 f0       	brcs	.+0      	; 0xfe <ker_compensate+0xfe>
  fe:	00 c0       	rjmp	.+0      	; 0x100 <ker_compensate+0x100>
 100:	8c 18       	sub	r8, r12
 102:	9d 08       	sbc	r9, r13
 104:	ae 08       	sbc	r10, r14
 106:	bf 08       	sbc	r11, r15
 108:	c5 01       	movw	r24, r10
 10a:	b4 01       	movw	r22, r8
 10c:	8f 71       	andi	r24, 0x1F	; 31
 10e:	99 27       	eor	r25, r25
 110:	df 91       	pop	r29
 112:	cf 91       	pop	r28
 114:	1f 91       	pop	r17
 116:	0f 91       	pop	r16
 118:	ff 90       	pop	r15
 11a:	ef 90       	pop	r14
 11c:	df 90       	pop	r13
 11e:	cf 90       	pop	r12
 120:	bf 90       	pop	r11
 122:	af 90       	pop	r10
 124:	9f 90       	pop	r9
 126:	8f 90       	pop	r8
 128:	7f 90       	pop	r7
 12a:	6f 90       	pop	r6
 12c:	5f 90       	pop	r5
 12e:	4f 90       	pop	r4
 130:	3f 90       	pop	r3
 132:	2f 90       	pop	r2
 134:	08 95       	ret
